// Jest Snapshot v1, https://goo.gl/fbAQLP

exports[`<Button /> Should render 1`] = `
<DocumentFragment>
  <button
    class="MuiButtonBase-root MuiButton-root root MuiButton-text MuiButton-textPrimary MuiButton-sizeMedium MuiButton-textSizeMedium MuiButton-disableElevation css-s19qo4-MuiButtonBase-root-MuiButton-root"
    tabindex="0"
    type="button"
  >
    <h6
      class="MuiTypography-root MuiTypography-subtitle2 css-7oe211-MuiTypography-root"
    >
      test
    </h6>
    <span
      class="MuiTouchRipple-root css-8je8zh-MuiTouchRipple-root"
    />
  </button>
</DocumentFragment>
`;
