// Jest Snapshot v1, https://goo.gl/fbAQLP

exports[`<Informative /> Should render 1`] = `
<DocumentFragment>
  <div
    class="MuiGrid-root root css-vj1n65-MuiGrid-root"
    id="programa"
  >
    <div
      class="MuiGrid-root redSection css-vj1n65-MuiGrid-root"
    >
      <div
        class="container MuiBox-root css-0"
      >
        <h2
          class="MuiTypography-root MuiTypography-h2 title css-rpv6ho-MuiTypography-root"
          style="opacity: 1; transform: scale(1, 1); transform-origin: 0 0 0; transition: opacity 4000ms cubic-bezier(0.4, 0, 0.2, 1) 0ms,transform 2664ms cubic-bezier(0.4, 0, 0.2, 1) 0ms;"
        >
          title test
        </h2>
        <div
          class="MuiTypography-root MuiTypography-body1 description css-1uk7n8n-MuiTypography-root"
          style="opacity: 1; transform: scale(1, 1); transform-origin: 0 0 0; transition: opacity 4000ms cubic-bezier(0.4, 0, 0.2, 1) 0ms,transform 2664ms cubic-bezier(0.4, 0, 0.2, 1) 0ms;"
        >
          <p>
            description test
          </p>
        </div>
      </div>
    </div>
    <div
      class="MuiGrid-root whiteSection css-vj1n65-MuiGrid-root"
    >
      <div
        class="container flexContainer MuiBox-root css-0"
      >
        <div
          class="MuiGrid-root image css-vj1n65-MuiGrid-root"
        >
          <div
            style="display: block; overflow: hidden; position: relative; box-sizing: border-box; margin: 0px;"
          >
            <div
              style="display: block; box-sizing: border-box; padding-top: 43.75%;"
            />
            <img
              alt="EnvÃ­os solidarios"
              data-nimg="responsive"
              decoding="async"
              src="data:image/gif;base64,R0lGODlhAQABAIAAAAAAAP///yH5BAEAAAAALAAAAAABAAEAAAIBRAA7"
              style="position: absolute; top: 0px; left: 0px; bottom: 0px; right: 0px; box-sizing: border-box; padding: 0px; margin: auto; display: block; width: 0px; height: 0px; min-width: 100%; max-width: 100%; min-height: 100%; max-height: 100%;"
            />
            <noscript />
          </div>
        </div>
        <div
          class="MuiGrid-root css-vj1n65-MuiGrid-root"
        >
          <div
            class="MuiGrid-root css-vj1n65-MuiGrid-root"
          >
            <h2
              class="MuiTypography-root MuiTypography-h2 titleWhite css-rpv6ho-MuiTypography-root"
            >
              <p>
                title white test
              </p>
            </h2>
          </div>
          <div
            class="MuiGrid-root css-vj1n65-MuiGrid-root"
          >
            <div
              class="MuiTypography-root MuiTypography-body1 descWhite css-1uk7n8n-MuiTypography-root"
            >
              <p>
                description white test
              </p>
            </div>
          </div>
        </div>
      </div>
    </div>
  </div>
</DocumentFragment>
`;
