// Jest Snapshot v1, https://goo.gl/fbAQLP

exports[`<MainBanner /> should render without crash 1`] = `
<DocumentFragment>
  <div
    class="MuiGrid-root MuiGrid-container root css-11lq3yg-MuiGrid-root"
    id="inicio"
  >
    <div
      class="mainBanner MuiBox-root css-0"
    >
      <span
        class=" lazy-load-image-background blur"
        style="color: transparent; display: inline-block;"
      >
        <img
          alt="test"
          class="image"
          src="banner"
        />
      </span>
    </div>
    <div
      class="MuiGrid-root MuiGrid-container container css-11lq3yg-MuiGrid-root"
    >
      <div
        class="MuiGrid-root MuiGrid-item css-13i4rnv-MuiGrid-root"
      >
        <div
          class="MuiBox-root css-0"
        >
          <span
            class=" lazy-load-image-background blur"
            style="color: transparent; display: inline-block; height: 10px; width: 37px;"
          >
            <img
              alt="test"
              class="subtitleSlide"
              height="10px"
              src="//a.storyblok.com/f/63950/37x10/a4291ce360/slide-title-border.png"
              width="37px"
            />
          </span>
          <h3
            class="MuiTypography-root MuiTypography-h3 secondaryText css-gepadz-MuiTypography-root"
          >
            CONECTANDO OPORTUNIDADES
          </h3>
          <span
            class=" lazy-load-image-background blur"
            style="color: transparent; display: inline-block; height: 10px; width: 37px;"
          >
            <img
              alt="test"
              class="subtitleSlide"
              height="10px"
              src="//a.storyblok.com/f/63950/37x10/a4291ce360/slide-title-border.png"
              width="37px"
            />
          </span>
        </div>
        <h2
          class="MuiTypography-root MuiTypography-h2 primaryText css-1sra7t5-MuiTypography-root"
        >
          Nueva Plataforma de Gestión Logística Social
        </h2>
        <h6
          class="MuiTypography-root MuiTypography-subtitle1 subtitle css-10wpov9-MuiTypography-root"
        >
          Presentanos tu solicitud de envío para llegar juntos a quienes más lo necesitan.
        </h6>
      </div>
      <div
        class="MuiGrid-root MuiGrid-item css-13i4rnv-MuiGrid-root"
      >
        <a
          class="MuiButtonBase-root MuiButton-root root button MuiButton-contained contained MuiButton-containedPrimary MuiButton-sizeMedium MuiButton-containedSizeMedium MuiButton-disableElevation css-zddlty-MuiButtonBase-root-MuiButton-root"
          href="https://docs.google.com/forms/d/e/1FAIpQLSeHD6pa0cJ4AO8tgEWJsW3egaZ1VSOCPoioWW7g2Hfb2ZLr8Q/viewform"
          tabindex="0"
        >
          <h6
            class="MuiTypography-root MuiTypography-subtitle2 css-ati914-MuiTypography-root"
          >
            Quiero hacer mi primer traslado
          </h6>
          <span
            class="MuiTouchRipple-root css-8je8zh-MuiTouchRipple-root"
          />
        </a>
        <a
          class="MuiButtonBase-root MuiButton-root root button MuiButton-contained contained MuiButton-containedPrimary MuiButton-sizeMedium MuiButton-containedSizeMedium MuiButton-disableElevation css-zddlty-MuiButtonBase-root-MuiButton-root"
          href="https://docs.google.com/forms/d/e/1FAIpQLSdyQtOoU6odC_hyt-88Z0m1YQPAKa3KofWo3blJvp_G41bRYA/viewform"
          tabindex="0"
        >
          <h6
            class="MuiTypography-root MuiTypography-subtitle2 css-ati914-MuiTypography-root"
          >
            Quiero volver a trasladar
          </h6>
          <span
            class="MuiTouchRipple-root css-8je8zh-MuiTouchRipple-root"
          />
        </a>
      </div>
    </div>
  </div>
</DocumentFragment>
`;
