// Jest Snapshot v1, https://goo.gl/fbAQLP

exports[`<Markdown /> should render without crash 1`] = `
<DocumentFragment>
  <p>
    Test
  </p>
</DocumentFragment>
`;
