// Jest Snapshot v1, https://goo.gl/fbAQLP

exports[`<Navbar /> Should renders 1`] = `
<DocumentFragment>
  <header
    class="MuiPaper-root MuiPaper-elevation MuiPaper-elevation4 MuiAppBar-root MuiAppBar-colorPrimary MuiAppBar-positionFixed appBar  mui-fixed css-o8jn6k-MuiPaper-root-MuiAppBar-root"
  >
    <div
      class="MuiToolbar-root MuiToolbar-gutters MuiToolbar-regular css-hyum1k-MuiToolbar-root"
    >
      <button
        aria-label="menu"
        class="MuiButtonBase-root MuiIconButton-root MuiIconButton-colorInherit MuiIconButton-edgeStart MuiIconButton-sizeMedium css-1uprtjr-MuiButtonBase-root-MuiIconButton-root"
        tabindex="0"
        type="button"
      >
        <svg
          aria-hidden="true"
          class="svg-inline--fa fa-bars fa-w-14 "
          data-icon="bars"
          data-prefix="fal"
          focusable="false"
          role="img"
          viewBox="0 0 448 512"
          xmlns="http://www.w3.org/2000/svg"
        >
          <path
            d="M442 114H6a6 6 0 0 1-6-6V84a6 6 0 0 1 6-6h436a6 6 0 0 1 6 6v24a6 6 0 0 1-6 6zm0 160H6a6 6 0 0 1-6-6v-24a6 6 0 0 1 6-6h436a6 6 0 0 1 6 6v24a6 6 0 0 1-6 6zm0 160H6a6 6 0 0 1-6-6v-24a6 6 0 0 1 6-6h436a6 6 0 0 1 6 6v24a6 6 0 0 1-6 6z"
            fill="currentColor"
          />
        </svg>
      </button>
      <div
        class="logoContainer MuiBox-root css-0"
      >
        <div
          style="display: inline-block; max-width: 100%; overflow: hidden; position: relative; box-sizing: border-box; margin: 0px;"
        >
          <div
            style="box-sizing: border-box; display: block; max-width: 100%;"
          >
            <img
              alt=""
              aria-hidden="true"
              src="data:image/svg+xml;base64,PHN2ZyB3aWR0aD0iODIiIGhlaWdodD0iNDAiIHhtbG5zPSJodHRwOi8vd3d3LnczLm9yZy8yMDAwL3N2ZyIgdmVyc2lvbj0iMS4xIi8+"
              style="max-width: 100%; display: block; margin: 0px; padding: 0px;"
            />
          </div>
          <img
            alt="darkImage"
            data-nimg="intrinsic"
            decoding="async"
            src="data:image/gif;base64,R0lGODlhAQABAIAAAAAAAP///yH5BAEAAAAALAAAAAABAAEAAAIBRAA7"
            style="position: absolute; top: 0px; left: 0px; bottom: 0px; right: 0px; box-sizing: border-box; padding: 0px; margin: auto; display: block; width: 0px; height: 0px; min-width: 100%; max-width: 100%; min-height: 100%; max-height: 100%;"
          />
          <noscript />
        </div>
      </div>
    </div>
  </header>
</DocumentFragment>
`;
