// Jest Snapshot v1, https://goo.gl/fbAQLP

exports[`<Sidebar /> Should render 1`] = `<DocumentFragment />`;
